Copyright 1986-2020 Xilinx, Inc. All Rights Reserved.
-------------------------------------------------------------------------------------------
| Tool Version : Vivado v.2020.2 (win64) Build 3064766 Wed Nov 18 09:12:45 MST 2020
| Date         : Thu Nov 23 20:44:26 2023
| Host         : Seven running 64-bit major release  (build 9200)
| Command      : report_control_sets -verbose -file micro_computer_control_sets_placed.rpt
| Design       : micro_computer
| Device       : xc7a35t
-------------------------------------------------------------------------------------------

Control Set Information

Table of Contents
-----------------
1. Summary
2. Histogram
3. Flip-Flop Distribution
4. Detailed Control Set Information

1. Summary
----------

+----------------------------------------------------------+-------+
|                          Status                          | Count |
+----------------------------------------------------------+-------+
| Total control sets                                       |    12 |
|    Minimum number of control sets                        |    12 |
|    Addition due to synthesis replication                 |     0 |
|    Addition due to physical synthesis replication        |     0 |
| Unused register locations in slices containing registers |    28 |
+----------------------------------------------------------+-------+
* Control sets can be merged at opt_design using control_set_merge or merge_equivalent_drivers
** Run report_qor_suggestions for automated merging and remapping suggestions


2. Histogram
------------

+--------------------+-------+
|       Fanout       | Count |
+--------------------+-------+
| Total control sets |    12 |
| >= 0 to < 4        |     2 |
| >= 4 to < 6        |     0 |
| >= 6 to < 8        |     0 |
| >= 8 to < 10       |     0 |
| >= 10 to < 12      |     0 |
| >= 12 to < 14      |     1 |
| >= 14 to < 16      |     0 |
| >= 16              |     9 |
+--------------------+-------+
* Control sets can be remapped at either synth_design or opt_design


3. Flip-Flop Distribution
-------------------------

+--------------+-----------------------+------------------------+-----------------+--------------+
| Clock Enable | Synchronous Set/Reset | Asynchronous Set/Reset | Total Registers | Total Slices |
+--------------+-----------------------+------------------------+-----------------+--------------+
| No           | No                    | No                     |               1 |            1 |
| No           | No                    | Yes                    |             227 |           69 |
| No           | Yes                   | No                     |              11 |            3 |
| Yes          | No                    | No                     |               0 |            0 |
| Yes          | No                    | Yes                    |              93 |           52 |
| Yes          | Yes                   | No                     |               0 |            0 |
+--------------+-----------------------+------------------------+-----------------+--------------+


4. Detailed Control Set Information
-----------------------------------

+------------------------+-------------------------------------------------------------------+------------------+------------------+----------------+--------------+
|      Clock Signal      |                           Enable Signal                           | Set/Reset Signal | Slice Load Count | Bel Load Count | Bels / Slice |
+------------------------+-------------------------------------------------------------------+------------------+------------------+----------------+--------------+
|  clk_IBUF_BUFG         |                                                                   |                  |                1 |              1 |         1.00 |
|  U_QUITA_R/iclock      |                                                                   | reset_IBUF       |                1 |              1 |         1.00 |
|  leds_OBUF_BUFG[13]    | arquitecture/U_ALUOUT/reg_output_reg[9]_0[0]                      | reset_IBUF       |                8 |             13 |         1.62 |
|  leds_OBUF_BUFG[13]    | arquitecture/U_ALUOUT/E[0]                                        | reset_IBUF       |                7 |             16 |         2.29 |
|  U_UART/U_CLOCK/output |                                                                   | reset_IBUF       |               10 |             29 |         2.90 |
|  leds_OBUF_BUFG[13]    | arquitecture/control_unit/E[0]                                    | reset_IBUF       |               20 |             32 |         1.60 |
|  leds_OBUF_BUFG[13]    | arquitecture/control_unit/FSM_sequential_estadoActual_reg[1]_1[0] | reset_IBUF       |               17 |             32 |         1.88 |
|  clk_IBUF_BUFG         |                                                                   | reset_IBUF       |               20 |             75 |         3.75 |
|  leds_OBUF_BUFG[13]    | arquitecture/control_unit/main_reg_write                          |                  |               12 |             96 |         8.00 |
|  leds_OBUF_BUFG[13]    | arquitecture/control_unit/FSM_sequential_estadoActual_reg[1]_0    |                  |               32 |            128 |         4.00 |
|  leds_OBUF_BUFG[13]    | arquitecture/control_unit/FSM_sequential_estadoActual_reg[1]_2    |                  |               32 |            128 |         4.00 |
|  leds_OBUF_BUFG[13]    |                                                                   | reset_IBUF       |               41 |            133 |         3.24 |
+------------------------+-------------------------------------------------------------------+------------------+------------------+----------------+--------------+


